optimus-45@optimus-45:~$ mysql -u root -p
Enter password: 
ERROR 1045 (28000): Access denied for user 'root'@'localhost' (using password: YES)
optimus-45@optimus-45:~$ 
optimus-45@optimus-45:~$ mysql -u root -p
Enter password: 
Welcome to the MySQL monitor.  Commands end with ; or \g.
Your MySQL connection id is 4
Server version: 5.7.18 MySQL Community Server (GPL)

Copyright (c) 2000, 2017, Oracle and/or its affiliates. All rights reserved.

Oracle is a registered trademark of Oracle Corporation and/or its
affiliates. Other names may be trademarks of their respective
owners.

Type 'help;' or '\h' for help. Type '\c' to clear the current input statement.

mysql> exit
Bye
optimus-45@optimus-45:~$ mysql
ERROR 1045 (28000): Access denied for user 'optimus-45'@'localhost' (using password: NO)
optimus-45@optimus-45:~$ mysql -u root -p rishabh
Enter password: 
ERROR 1049 (42000): Unknown database 'rishabh'
optimus-45@optimus-45:~$ mysql -u root -p db
Enter password: 
Welcome to the MySQL monitor.  Commands end with ; or \g.
Your MySQL connection id is 7
Server version: 5.7.18 MySQL Community Server (GPL)

Copyright (c) 2000, 2017, Oracle and/or its affiliates. All rights reserved.

Oracle is a registered trademark of Oracle Corporation and/or its
affiliates. Other names may be trademarks of their respective
owners.

Type 'help;' or '\h' for help. Type '\c' to clear the current input statement.

mysql> delete database db
    -> delete database db;\
ERROR 1064 (42000): You have an error in your SQL syntax; check the manual that corresponds to your MySQL server version for the right syntax to use near 'database db
delete database db' at line 1
mysql> delete database db;
ERROR 1064 (42000): You have an error in your SQL syntax; check the manual that corresponds to your MySQL server version for the right syntax to use near 'database db' at line 1
mysql> drop database db;
Query OK, 0 rows affected (0.00 sec)

mysql> 
[1]+  Stopped                 mysql -u root -p db
optimus-45@optimus-45:~$ clear

optimus-45@optimus-45:~$ mysql -u root -p
Enter password: 
Welcome to the MySQL monitor.  Commands end with ; or \g.
Your MySQL connection id is 8
Server version: 5.7.18 MySQL Community Server (GPL)

Copyright (c) 2000, 2017, Oracle and/or its affiliates. All rights reserved.

Oracle is a registered trademark of Oracle Corporation and/or its
affiliates. Other names may be trademarks of their respective
owners.

Type 'help;' or '\h' for help. Type '\c' to clear the current input statement.

mysql> create database db;
Query OK, 1 row affected (0.00 sec)

mysql> create table employee{first_name varchar(10), last_name varchar(10), varchar(10) desgn,salary int,emp_id int, constraint primary key(emp_id));
ERROR 1046 (3D000): No database selected
mysql> use db;
Database changed
mysql> create table employee{first_name varchar(10), last_name varchar(10), varchar(10) desgn,salary int,emp_id int, constraint primary key(emp_id));
ERROR 1064 (42000): You have an error in your SQL syntax; check the manual that corresponds to your MySQL server version for the right syntax to use near '{first_name varchar(10), last_name varchar(10), varchar(10) desgn,salary int,emp' at line 1
mysql> create table employee{first_name varchar(10), last_name varchar(10),  desgn varchar(10),salary int,emp_id int, constraint primary key(emp_id));
ERROR 1064 (42000): You have an error in your SQL syntax; check the manual that corresponds to your MySQL server version for the right syntax to use near '{first_name varchar(10), last_name varchar(10),  desgn varchar(10),salary int,em' at line 1
mysql> create table employee{first_name varchar2(10), last_name varchar2(10), desgn varchar2(10),salary int,emp_id int, constraint primary key(emp_id));
ERROR 1064 (42000): You have an error in your SQL syntax; check the manual that corresponds to your MySQL server version for the right syntax to use near '{first_name varchar2(10), last_name varchar2(10), desgn varchar2(10),salary int,' at line 1
mysql> create table employee( f_name char(20),l_name char(20), desgn char(20), emp_id int);
Query OK, 0 rows affected (0.32 sec)

mysql> insert into employee
    -> values(rakesh, kumar, CEO, 1);
ERROR 1054 (42S22): Unknown column 'rakesh' in 'field list'
mysql> insert into employee values("rakesh", "kumar", "CEO", 1);
Query OK, 1 row affected (0.04 sec)

mysql> insert into employee values("rohit", "saxena", "CTO", 3);
Query OK, 1 row affected (0.04 sec)

mysql> insert into employee values("chetan", "singh", "Manager", 2);
Query OK, 1 row affected (0.03 sec)

mysql> desc table employee;
ERROR 1064 (42000): You have an error in your SQL syntax; check the manual that corresponds to your MySQL server version for the right syntax to use near 'table employee' at line 1
mysql> desc employee;
+--------+----------+------+-----+---------+-------+
| Field  | Type     | Null | Key | Default | Extra |
+--------+----------+------+-----+---------+-------+
| f_name | char(20) | YES  |     | NULL    |       |
| l_name | char(20) | YES  |     | NULL    |       |
| desgn  | char(20) | YES  |     | NULL    |       |
| emp_id | int(11)  | YES  |     | NULL    |       |
+--------+----------+------+-----+---------+-------+
4 rows in set (0.00 sec)

mysql> select * from employee ;
+--------+--------+---------+--------+
| f_name | l_name | desgn   | emp_id |
+--------+--------+---------+--------+
| rakesh | kumar  | CEO     |      1 |
| rohit  | saxena | CTO     |      3 |
| chetan | singh  | Manager |      2 |
+--------+--------+---------+--------+
3 rows in set (0.00 sec)

mysql> select f_name,l_name,desgn from employee;
+--------+--------+---------+
| f_name | l_name | desgn   |
+--------+--------+---------+
| rakesh | kumar  | CEO     |
| rohit  | saxena | CTO     |
| chetan | singh  | Manager |
+--------+--------+---------+
3 rows in set (0.00 sec)

mysql> select unique(desgn) from employee;
ERROR 1064 (42000): You have an error in your SQL syntax; check the manual that corresponds to your MySQL server version for the right syntax to use near 'unique(desgn) from employee' at line 1
mysql> select distinct(desgn) from employee;
+---------+
| desgn   |
+---------+
| CEO     |
| CTO     |
| Manager |
+---------+
3 rows in set (0.00 sec)

mysql> alter table student salary int;
ERROR 1064 (42000): You have an error in your SQL syntax; check the manual that corresponds to your MySQL server version for the right syntax to use near 'salary int' at line 1
mysql> alter table employee salary int;
ERROR 1064 (42000): You have an error in your SQL syntax; check the manual that corresponds to your MySQL server version for the right syntax to use near 'salary int' at line 1
mysql> alter table employee add salary int;
Query OK, 0 rows affected (0.61 sec)
Records: 0  Duplicates: 0  Warnings: 0

mysql> select * from employee ;
+--------+--------+---------+--------+--------+
| f_name | l_name | desgn   | emp_id | salary |
+--------+--------+---------+--------+--------+
| rakesh | kumar  | CEO     |      1 |   NULL |
| rohit  | saxena | CTO     |      3 |   NULL |
| chetan | singh  | Manager |      2 |   NULL |
+--------+--------+---------+--------+--------+
3 rows in set (0.00 sec)

mysql> update table employee set salary="50000" where f_name="rakesh";
ERROR 1064 (42000): You have an error in your SQL syntax; check the manual that corresponds to your MySQL server version for the right syntax to use near 'table employee set salary="50000" where f_name="rakesh"' at line 1
mysql> update employee set salary="50000" where f_name="rakesh";
Query OK, 1 row affected (0.04 sec)
Rows matched: 1  Changed: 1  Warnings: 0

mysql> update employee set salary="40000" where f_name="rohit";
Query OK, 1 row affected (0.05 sec)
Rows matched: 1  Changed: 1  Warnings: 0

mysql> update employee set salary="60000" where f_name="chetan";
Query OK, 1 row affected (0.04 sec)
Rows matched: 1  Changed: 1  Warnings: 0

mysql> select * from employee ;
+--------+--------+---------+--------+--------+
| f_name | l_name | desgn   | emp_id | salary |
+--------+--------+---------+--------+--------+
| rakesh | kumar  | CEO     |      1 |  50000 |
| rohit  | saxena | CTO     |      3 |  40000 |
| chetan | singh  | Manager |      2 |  60000 |
+--------+--------+---------+--------+--------+
3 rows in set (0.00 sec)

mysql> select f_name from employee where salary="50000" or salary"60000";
ERROR 1064 (42000): You have an error in your SQL syntax; check the manual that corresponds to your MySQL server version for the right syntax to use near '"60000"' at line 1
mysql> select f_name from employee where salary="50000" or salary="60000";
+--------+
| f_name |
+--------+
| rakesh |
| chetan |
+--------+
2 rows in set (0.00 sec)

mysql> select f_name from employee where salary="50000" and  salary="60000";
Empty set (0.00 sec)

mysql> select * from employee order by salary asc;
+--------+--------+---------+--------+--------+
| f_name | l_name | desgn   | emp_id | salary |
+--------+--------+---------+--------+--------+
| rohit  | saxena | CTO     |      3 |  40000 |
| rakesh | kumar  | CEO     |      1 |  50000 |
| chetan | singh  | Manager |      2 |  60000 |
+--------+--------+---------+--------+--------+
3 rows in set (0.00 sec)

mysql> select top 5 f_name from employee ;
ERROR 1064 (42000): You have an error in your SQL syntax; check the manual that corresponds to your MySQL server version for the right syntax to use near '5 f_name from employee' at line 1
mysql> select f_name from employee where salary>="0" limit 2;
+--------+
| f_name |
+--------+
| rakesh |
| rohit  |
+--------+
2 rows in set (0.00 sec)

mysql> select f_name from employee where salary<="60000" limit 2;
+--------+
| f_name |
+--------+
| rakesh |
| rohit  |
+--------+
2 rows in set (0.00 sec)

mysql> select * from employee order by salary desc;
+--------+--------+---------+--------+--------+
| f_name | l_name | desgn   | emp_id | salary |
+--------+--------+---------+--------+--------+
| chetan | singh  | Manager |      2 |  60000 |
| rakesh | kumar  | CEO     |      1 |  50000 |
| rohit  | saxena | CTO     |      3 |  40000 |
+--------+--------+---------+--------+--------+
3 rows in set (0.00 sec)

mysql> select f_name from employee limit 2;
+--------+
| f_name |
+--------+
| rakesh |
| rohit  |
+--------+
2 rows in set (0.00 sec)

mysql> select f_name from employee where salary<="60000" limit 2;
+--------+
| f_name |
+--------+
| rakesh |
| rohit  |
+--------+
2 rows in set (0.00 sec)

mysql> select f_name from employee where salary>="10000" limit 2;
+--------+
| f_name |
+--------+
| rakesh |
| rohit  |
+--------+
2 rows in set (0.00 sec)

mysql> select f_name from employee where ( salary in ( select top 2 * from employee order by salary desc)); 
ERROR 1064 (42000): You have an error in your SQL syntax; check the manual that corresponds to your MySQL server version for the right syntax to use near '2 * from employee order by salary desc))' at line 1
    -> select * from employee group by desgn;
ERROR 1064 (42000): You have an error in your SQL syntax; check the manual that corresponds to your MySQL server version for the right syntax to use near '))
select * from employee group by desgn' at line 1
mysql> select f_name from employee group by desgn;
ERROR 1055 (42000): Expression #1 of SELECT list is not in GROUP BY clause and contains nonaggregated column 'db.employee.f_name' which is not functionally dependent on columns in GROUP BY clause; this is incompatible with sql_mode=only_full_group_by
mysql> select f_name from employee where salary between 10000 and 40000;
+--------+
| f_name |
+--------+
| rohit  |
+--------+
1 row in set (0.00 sec)

mysql> mysql> select f_name from employee where salary between 10000 and 50000;
+--------+
| f_name |
+--------+
| rakesh |
| rohit  |
+--------+
2 rows in set (0.00 sec)

mysql> select f_name from employee where salary between 10000 and 50000 group by emp_id;
ERROR 1055 (42000): Expression #1 of SELECT list is not in GROUP BY clause and contains nonaggregated column 'db.employee.f_name' which is not functionally dependent on columns in GROUP BY clause; this is incompatible with sql_mode=only_full_group_by
mysql> select f_name from employee where salary between 10000 and 50000 group by emp_id order by salary asc;
ERROR 1055 (42000): Expression #1 of SELECT list is not in GROUP BY clause and contains nonaggregated column 'db.employee.f_name' which is not functionally dependent on columns in GROUP BY clause; this is incompatible with sql_mode=only_full_group_by
mysql> select count(f_name) from employee where salary<="60000";
+---------------+
| count(f_name) |
+---------------+
|             3 |
+---------------+
1 row in set (0.00 sec)

mysql> insert into employee values("chetu", "singh","Damager", 4);
ERROR 1136 (21S01): Column count doesn't match value count at row 1
mysql> insert into employee values("chetu", "singh","Damager", 4,10000);
Query OK, 1 row affected (0.04 sec)

mysql> select * from employee ;
+--------+--------+---------+--------+--------+
| f_name | l_name | desgn   | emp_id | salary |
+--------+--------+---------+--------+--------+
| rakesh | kumar  | CEO     |      1 |  50000 |
| rohit  | saxena | CTO     |      3 |  40000 |
| chetan | singh  | Manager |      2 |  60000 |
| chetu  | singh  | Damager |      4 |  10000 |
+--------+--------+---------+--------+--------+
4 rows in set (0.00 sec)

mysql> select count(salary) from employee group by l_name;
+---------------+
| count(salary) |
+---------------+
|             1 |
|             1 |
|             2 |
+---------------+
3 rows in set (0.00 sec)

mysql> select count(salary),f_name from employee group by l_name;
ERROR 1055 (42000): Expression #2 of SELECT list is not in GROUP BY clause and contains nonaggregated column 'db.employee.f_name' which is not functionally dependent on columns in GROUP BY clause; this is incompatible with sql_mode=only_full_group_by
mysql> selectf_name, count(salary) from employee group by l_name;
ERROR 1064 (42000): You have an error in your SQL syntax; check the manual that corresponds to your MySQL server version for the right syntax to use near 'selectf_name, count(salary) from employee group by l_name' at line 1
mysql> select f_name, count(salary) from employee group by l_name;
ERROR 1055 (42000): Expression #1 of SELECT list is not in GROUP BY clause and contains nonaggregated column 'db.employee.f_name' which is not functionally dependent on columns in GROUP BY clause; this is incompatible with sql_mode=only_full_group_by
mysql> select l_name, count(salary) from employee group by l_name;
+--------+---------------+
| l_name | count(salary) |
+--------+---------------+
| kumar  |             1 |
| saxena |             1 |
| singh  |             2 |
+--------+---------------+
3 rows in set (0.00 sec)

mysql> create view emp from employee{f_name,desgn};
ERROR 1064 (42000): You have an error in your SQL syntax; check the manual that corresponds to your MySQL server version for the right syntax to use near 'from employee{f_name,desgn}' at line 1
mysql> create view emp from employee(f_name,desgn);
ERROR 1064 (42000): You have an error in your SQL syntax; check the manual that corresponds to your MySQL server version for the right syntax to use near 'from employee(f_name,desgn)' at line 1
mysql> create view emp from employee as (f_name,desgn);
ERROR 1064 (42000): You have an error in your SQL syntax; check the manual that corresponds to your MySQL server version for the right syntax to use near 'from employee as (f_name,desgn)' at line 1
mysql> create view emp as select f_name, desgn from employee;
Query OK, 0 rows affected (0.05 sec)

mysql> select * from emp;
+--------+---------+
| f_name | desgn   |
+--------+---------+
| rakesh | CEO     |
| rohit  | CTO     |
| chetan | Manager |
| chetu  | Damager |
+--------+---------+
4 rows in set (0.01 sec)

mysql> select * from employee where f_name like "r%";
+--------+--------+-------+--------+--------+
| f_name | l_name | desgn | emp_id | salary |
+--------+--------+-------+--------+--------+
| rakesh | kumar  | CEO   |      1 |  50000 |
| rohit  | saxena | CTO   |      3 |  40000 |
+--------+--------+-------+--------+--------+
2 rows in set (0.00 sec)

mysql> select * from employee where f_name like "r% k";
Empty set (0.00 sec)

mysql> select * from employee where f_name like "r  k%";
Empty set (0.00 sec)

mysql> select * from employee where f_name like "r k%";
Empty set (0.00 sec)

mysql> select * from employee where f_name like "r_k%";
+--------+--------+-------+--------+--------+
| f_name | l_name | desgn | emp_id | salary |
+--------+--------+-------+--------+--------+
| rakesh | kumar  | CEO   |      1 |  50000 |
+--------+--------+-------+--------+--------+
1 row in set (0.00 sec)

mysql> select * from employee where f_name like "r_k[0 9]";
Empty set (0.00 sec)

